manifest should match snapshot:
  1: |
    apiVersion: v1
    data:
      values:
        aChartValue: on default
        atlas:
          appTemplates: tests/templates
          cwd: /workspaces/deployments/system
          debug: true
          deployment:
            cluster: cluster1
            deploymentName: deployment1
            path: /workspaces/deployments/system/tests/deployments/cluster1/apps/deployment1/deployment.yaml
          deploymentDefinitions: tests/deployments
        foo: bar
    kind: ConfigMap
    metadata:
      labels:
        app.kubernetes.io/instance: RELEASE-NAME
        app.kubernetes.io/managed-by: Helm
        app.kubernetes.io/name: chart1
        app.kubernetes.io/version: 1.16.0
        helm.sh/chart: chart1-0.1.0
      name: RELEASE-NAME-chart1
      namespace: NAMESPACE
